---
source: src/audit/mod.rs
expression: assets
---
[
    Asset {
        kind: Rom,
        name: "alpha.bin",
        size: Some(
            32768,
        ),
        location: Paths {
            software_list_name: None,
            targets: [
                "phony_withbios_alpha",
                "phony_withbios",
            ],
        },
        asset_hash: CRC(1faf9fdb) SHA1(d27909184ee9170707c1be9a4cfbe83b359672e1),
        status: Good,
        is_optional: false,
    },
]
